// Jest Snapshot v1, https://goo.gl/fbAQLP

exports[`Future should render 1`] = `
<DocumentFragment>
  <div
    class="row shadow mb-5"
  >
    <nav
      aria-label="breadcrumb"
    >
      <ol
        class="breadcrumb mt-3"
      >
        <li
          class="breadcrumb-item"
        >
          <a
            href="/"
          >
            Home
          </a>
        </li>
        <li
          class="breadcrumb-item"
        >
          <a
            href="/market-watch"
          >
            market-watch
          </a>
        </li>
        <li
          class="breadcrumb-item"
        >
          <a
            href="/market-watch/futures"
          >
            futures
          </a>
        </li>
        <li
          aria-current="page"
          class="breadcrumb-item active"
        >
          ED
        </li>
      </ol>
    </nav>
  </div>
  <div
    class="row"
  >
    <button
      class="btn btn-primary"
      type="button"
    >
      Create Chart
    </button>
  </div>
  <div
    class="row mt-5"
    data-testid="future-checkbox-list"
  >
    <ul
      class="list-group list-group-flush"
    />
  </div>
</DocumentFragment>
`;
