// Jest Snapshot v1, https://goo.gl/fbAQLP

exports[`MarketWatch should render screen 1`] = `
<DocumentFragment>
  <div
    class="row mt-3"
  >
    <div
      class="card"
      style="width: 18rem;"
    >
      <div
        class="card-body"
      >
        <h5
          class="card-title"
        >
          Market Watch
        </h5>
        <a
          class="btn btn-primary"
          href="/market-watch"
        >
          Click here...
        </a>
      </div>
    </div>
  </div>
</DocumentFragment>
`;
