// Jest Snapshot v1, https://goo.gl/fbAQLP

exports[`SearchBox rendered 1`] = `
<DocumentFragment>
  <div
    class="input-group input-group-lg"
  >
    <span
      class="input-group-text"
      id="inputGroup-sizing-lg"
    >
      Search Box
    </span>
    <input
      aria-describedby="inputGroup-sizing-lg"
      aria-label="Sizing example input"
      class="form-control"
      data-testid="search-input"
      type="text"
      value=""
    />
  </div>
</DocumentFragment>
`;
